
> perplexica-frontend@1.11.0-rc3 build
> npm run db:migrate && next build


> perplexica-frontend@1.11.0-rc3 db:migrate
> npx tsx ./src/lib/db/migrate.ts

Skipping already-applied migration: 0000_fuzzy_randall.sql
Skipping already-applied migration: 0001_wise_rockslide.sql
   ▲ Next.js 15.2.2

   Creating an optimized production build ...
 ⚠ Found lockfile missing swc dependencies, patching...
/bin/sh: yarn: command not found
/bin/sh: yarn: command not found
/bin/sh: yarn: command not found
/bin/sh: yarn: command not found
/bin/sh: yarn: command not found
/bin/sh: yarn: command not found
/bin/sh: yarn: command not found
 ⨯ Failed to patch lockfile, please try uninstalling and reinstalling next in this workspace
Error: Failed to get registry from "yarn".
    at Array.map (<anonymous>) {
  [cause]: Error: Command failed: yarn config get registry 
  /bin/sh: yarn: command not found
  
      at Array.map (<anonymous>) {
    status: 127,
    signal: null,
    output: [
      null,
      <Buffer >,
      <Buffer 2f 62 69 6e 2f 73 68 3a 20 79 61 72 6e 3a 20 63 6f 6d 6d 61 6e 64 20 6e 6f 74 20 66 6f 75 6e 64 0a>
    ],
    pid: 37208,
    stdout: <Buffer >,
    stderr: <Buffer 2f 62 69 6e 2f 73 68 3a 20 79 61 72 6e 3a 20 63 6f 6d 6d 61 6e 64 20 6e 6f 74 20 66 6f 75 6e 64 0a>
  }
}

> Build error occurred
[Error: kill EPERM] { errno: -1, code: 'EPERM', syscall: 'kill' }
unhandledRejection [Error: kill EPERM] { errno: -1, code: 'EPERM', syscall: 'kill' }
